एक.NUM गाँव.NOUN में.ADP एक.NUM लड़की.NOUN रहती.VERB थी.AUX ।.PUNCT उसकी.PRON दादी.NOUN ने.ADP उसके.PRON लिए.ADP एक.NUM लाल.ADJ कोट.NOUN बनाया.VERB था.AUX ।.PUNCT तबसे.PRON उसका.PRON नाम.NOUN '.PUNCT रेड.PROPN रिडिंग.PROPN हुड.PROPN '.PUNCT बन.VERB गया.AUX ।.PUNCT एक.NUM दिन.NOUN रेड.PROPN रिडिंग.NOUN हुड.NOUN की.ADP माँ.NOUN ने.ADP उसको.PRON खाना.NOUN दिया.VERB और.CCONJ बोला.VERB कि.SCONJ अपनी.PRON दादी.NOUN के.ADP घर.NOUN चले.VERB जाओ।.AUX दादी.NOUN का.ADP घर.NOUN जंगल.NOUN के.ADP उस.DET पार.NOUN था.AUX ।.PUNCT जब.PRON वह.PRON जंगल.NOUN से.ADP जा.VERB रही.AUX थी.AUX ,.PUNCT उसको.PRON एक.NUM भेड़िये.NOUN ने.ADP देखा।.VERB और.CCONJ उसको.PRON पकड़ने.VERB लगा.VERB पर.CCONJ वहाँ.PRON एक.NUM लकड़हारा.NOUN आकर.VERB ,.PUNCT लकड़खारे.NOUN ने.ADP भेड़िये.NOUN को.ADP भगा.VERB दिया.VERB ।.PUNCT भेड़िया.PROPN दूसरी.ADJ तरफ.ADV से.ADP जाकर.VERB उसकी.PRON दादी.NOUN के.ADP घर.NOUN चला.VERB गया.AUX और.CCONJ अंदर.ADV जाकर.VERB उसकी.PRON दादी.NOUN को.ADP खा.VERB लिया.VERB और.CCONJ दादी.NOUN की.ADP जगह.NOUN मंजे.NOUN पे.ADP लेट.VERB गया.AUX ।.PUNCT जब.PRON रेड.ADJ रिडिंग.NOUN हुड.NOUN आई.VERB तो.PRON उसने.PRON मेज.NOUN पे.ADP खाना.NOUN लगाया.VERB और.CCONJ दादी.NOUN को.ADP बोला.VERB '.PUNCT उठो.VERB '.PUNCT ।.PUNCT उसने.PRON दादी.NOUN के.ADP कान.NOUN देखे.VERB और.CCONJ बोली.VERB ,.PUNCT '.PUNCT दादी.NOUN ,.PUNCT आपके.PRON कितने.DET बड़े.ADJ कान.NOUN हैं.AUX ।.PUNCT '.PUNCT इकदम.PROPN भेड़िया.PROPN मंजे.NOUN से.ADP उठा.VERB और.CCONJ रेड.NOUN रिडिंग.NOUN हुड.NOUN को.ADP पकड़ने.VERB के.ADP लिए.ADP लपका.VERB ,.PUNCT पर.CCONJ क्योंकि.SCONJ उसका.PRON पेट.NOUN इतना.DET मोटा.ADJ था.AUX ,.PUNCT दादी.NOUN थी.AUX अंदर.ADV तो.PART वह.PRON गिर.VERB गया.AUX ।.PUNCT इतनी.DET देर.NOUN में.ADP लकड़हारा.NOUN आया।.VERB लकड़खारे.NOUN ने.ADP कैंची.NOUN से.ADP उसका.PRON पेट.NOUN काट.VERB दिया.VERB और.CCONJ दादी.NOUN को.ADP बीच.ADV में.ADP से.ADP निकाल.VERB दिया.VERB ।.PUNCT उसकी.PRON जगह.NOUN उसने.PRON खूब.DET सारे.DET पत्थर.NOUN भर.VERB दिए.VERB पेट.NOUN में.ADP और.CCONJ ऊपर.ADV से.ADP सी.NOUN दिया.VERB तो.PRON बेचारा.ADJ भेड़िया.NOUN अपना.PRON मोटा.ADJ पेट.NOUN लेकर.VERB जा.VERB रहा.AUX था.AUX और.CCONJ वह.PRON कुए.NOUN में.ADP गिर.VERB के.AUX मर.VERB गया.AUX ।.PUNCT फिर.ADV दादी.NOUN और.CCONJ रेड.NOUN रिडिंग.NOUN और.CCONJ लकड़हारा.NOUN खूब.DET खुश.ADJ हुए.VERB और.CCONJ खाना.NOUN खा.VERB के.AUX वह.PRON अपने.PRON घर.NOUN चल.VERB पड़े.AUX ।.PUNCT 